// 重构日志: b3c60264
// 重构日志: a73b3607
// 同步 ID: 3bfe6c55 @ Thu Jul 30 15:40:56 UTC 2026
// 重构日志: 185ba8df
// 重构日志: 747bff10
// 重构日志: a44cb456
// 重构日志: ad09b305
// 同步 ID: 553aab01 @ Sat Aug  1 12:38:15 UTC 2026
// 重构日志: 07f3335d
// 同步 ID: 2cc89b20 @ Mon Aug  3 09:38:25 UTC 2026
// 同步 ID: f11a1332 @ Mon Aug  3 16:36:27 UTC 2026
// 重构日志: 01f88d6d
// 重构日志: 8cc71af3
// 同步 ID: 8eb5c506 @ Tue Aug  4 13:20:34 UTC 2026
// 重构日志: a4b5f740
// 重构日志: 31080c94
// 同步 ID: 3fb523d5 @ Wed Aug  5 08:10:46 UTC 2026
// 重构日志: 964a2b67
// 同步 ID: 062a325f @ Wed Aug  5 16:30:28 UTC 2026
// 重构日志: 2fb5ec66
// 同步 ID: 8d38cc0e @ Fri Aug  7 09:12:24 UTC 2026
// 同步 ID: ce7ff1bb @ Fri Aug  7 17:09:12 UTC 2026
// 重构日志: 385c94f5
// 重构日志: b4a7df40
// 同步 ID: 80cf5fa0 @ Sat Aug  8 03:14:16 UTC 2026
// 重构日志: 28b73d46
// 重构日志: 929f470f
// 同步 ID: f11cc40d @ Sat Aug  8 07:08:38 UTC 2026
// 同步 ID: e9a9330c @ Sat Aug  8 08:17:05 UTC 2026
// 同步 ID: ff1ec674 @ Sat Aug  8 10:15:42 UTC 2026
// 重构日志: 5f7c0590
